// Jest Snapshot v1, https://goo.gl/fbAQLP

exports[`httpclient::defaultValue 1`] = `
Object {
  "body": undefined,
  "credentials": "same-origin",
  "headers": Object {},
  "json": false,
  "method": "GET",
}
`;

exports[`httpclient::defaultValue 2`] = `2`;
