// Jest Snapshot v1, https://goo.gl/fbAQLP

exports[`reducer::channels initialize state 1`] = `Object {}`;
