// Jest Snapshot v1, https://goo.gl/fbAQLP

exports[`Component::LoginPanel 渲染正确的 DOM 结构 1`] = `
<div>
  <noscript />
  <a
    className="fYxbAV"
    href="javascript:void(0);"
    onClick={[Function]}
  >
    登录
  </a>
</div>
`;
